<!-- This is a well-formed happy-path example for testing default options. -->
<html>
<head>
  <link rel="stylesheet" href="styles/homepage.css"></link>

  <link rel="stylesheet" href="styles/special.css"></link>
  <script type="text/javascript" src="scripts/special.js"></script>

  <script type="text/javascript" src="scripts/homepage.js"></script>

  <script type="text/javascript" src="scripts/ie.js"></script>
</head>
<body>
  <h1>Instructions</h1>
  <div class="main">
    <p>
      Put your JavaScript in scripts/main.js and your stylesheets in styles/main.css. If we were using regex, we would pick up the paths in this paragraph and they would be erroneously replaced.
    </p>
  </div>
  <script type="text/javascript" src="scripts/blocking.js"></script>
</body>
</html>